Loop not guarded
Trip count del primo loop: 5
Trip count del secondo loop: 5	I loop iterano lo stesso numero di volte
successor 
for.inc:                                          ; preds = %for.body8, %for.body
  %inc = add nsw i32 %i.0, 1
  br label %for.cond, !llvm.loop !6
